============================= test session starts =============================
platform win32 -- Python 3.10.20, pytest-9.1.1, pluggy-1.6.0 -- D:\Anaconda\envs\AI_common\python.exe
cachedir: .pytest_cache
hypothesis profile 'default'
metadata: {'Python': '3.10.20', 'Platform': 'Windows-10-10.0.26200-SP0', 'Packages': {'pytest': '9.1.1', 'pluggy': '1.6.0'}, 'Plugins': {'anyio': '4.12.1', 'hypothesis': '6.168.0', 'cov': '7.1.0', 'html': '4.2.0', 'metadata': '3.1.1'}}
rootdir: D:\projects\Repo-for-STQA-Practices
configfile: pytest.ini
plugins: anyio-4.12.1, hypothesis-6.168.0, cov-7.1.0, html-4.2.0, metadata-3.1.1
collecting ... collected 199 items

tests/module1/blackbox/test_boundary_value.py::TestBoundaryValueAnalysis::test_img_size_minimum_value PASSED [  0%]
tests/module1/blackbox/test_boundary_value.py::TestBoundaryValueAnalysis::test_img_size_minimum_plus_one PASSED [  1%]
tests/module1/blackbox/test_boundary_value.py::TestBoundaryValueAnalysis::test_img_size_common_values PASSED [  1%]
tests/module1/blackbox/test_boundary_value.py::TestBoundaryValueAnalysis::test_img_size_very_large PASSED [  2%]
tests/module1/blackbox/test_boundary_value.py::TestBoundaryValueAnalysis::test_img_size_zero_boundary PASSED [  2%]
tests/module1/blackbox/test_boundary_value.py::TestBoundaryValueAnalysis::test_img_size_negative_boundary PASSED [  3%]
tests/module1/blackbox/test_boundary_value.py::TestBoundaryValueAnalysis::test_patch_size_minimum PASSED [  3%]
tests/module1/blackbox/test_boundary_value.py::TestBoundaryValueAnalysis::test_patch_size_default PASSED [  4%]
tests/module1/blackbox/test_boundary_value.py::TestBoundaryValueAnalysis::test_patch_size_zero_invalid PASSED [  4%]
tests/module1/blackbox/test_boundary_value.py::TestBoundaryValueAnalysis::test_patch_stride_valid_values PASSED [  5%]
tests/module1/blackbox/test_boundary_value.py::TestBoundaryValueAnalysis::test_patch_stride_zero_invalid PASSED [  5%]
tests/module1/blackbox/test_boundary_value.py::TestBoundaryValueAnalysis::test_patch_stride_negative_invalid PASSED [  6%]
tests/module1/blackbox/test_boundary_value.py::TestBoundaryValueAnalysis::test_patch_stride_equals_patch_size PASSED [  6%]
tests/module1/blackbox/test_boundary_value.py::TestBoundaryValueAnalysis::test_train_sample_ratio_zero PASSED [  7%]
tests/module1/blackbox/test_boundary_value.py::TestBoundaryValueAnalysis::test_train_sample_ratio_near_zero PASSED [  7%]
tests/module1/blackbox/test_boundary_value.py::TestBoundaryValueAnalysis::test_train_sample_ratio_half PASSED [  8%]
tests/module1/blackbox/test_boundary_value.py::TestBoundaryValueAnalysis::test_train_sample_ratio_near_one PASSED [  8%]
tests/module1/blackbox/test_boundary_value.py::TestBoundaryValueAnalysis::test_train_sample_ratio_one PASSED [  9%]
tests/module1/blackbox/test_boundary_value.py::TestBoundaryValueAnalysis::test_train_sample_ratio_above_one PASSED [  9%]
tests/module1/blackbox/test_boundary_value.py::TestBoundaryValueAnalysis::test_train_sample_ratio_negative PASSED [ 10%]
tests/module1/blackbox/test_boundary_value.py::TestBoundaryValueAnalysis::test_view_id_minimum PASSED [ 10%]
tests/module1/blackbox/test_boundary_value.py::TestBoundaryValueAnalysis::test_view_id_middle PASSED [ 11%]
tests/module1/blackbox/test_boundary_value.py::TestBoundaryValueAnalysis::test_view_id_maximum PASSED [ 11%]
tests/module1/blackbox/test_boundary_value.py::TestBoundaryValueAnalysis::test_view_id_zero_invalid PASSED [ 12%]
tests/module1/blackbox/test_boundary_value.py::TestBoundaryValueAnalysis::test_view_id_above_maximum_invalid PASSED [ 12%]
tests/module1/blackbox/test_boundary_value.py::TestBoundaryValueAnalysis::test_nonexistent_train_root PASSED [ 13%]
tests/module1/blackbox/test_boundary_value.py::TestBoundaryValueAnalysis::test_very_long_path PASSED [ 13%]
tests/module1/blackbox/test_decision_table.py::TestDecisionTable::test_combination_patch_true_split_train PASSED [ 14%]
tests/module1/blackbox/test_decision_table.py::TestDecisionTable::test_combination_patch_false_split_train PASSED [ 14%]
tests/module1/blackbox/test_decision_table.py::TestDecisionTable::test_combination_patch_true_split_test PASSED [ 15%]
tests/module1/blackbox/test_decision_table.py::TestDecisionTable::test_combination_patch_false_split_test PASSED [ 15%]
tests/module1/blackbox/test_decision_table.py::TestDecisionTable::test_combination_zscore_patch_true PASSED [ 16%]
tests/module1/blackbox/test_decision_table.py::TestDecisionTable::test_combination_minmax_patch_false PASSED [ 16%]
tests/module1/blackbox/test_decision_table.py::TestDecisionTable::test_combination_log_patch_true PASSED [ 17%]
tests/module1/blackbox/test_decision_table.py::TestDecisionTable::test_combination_preload_true_split_train PASSED [ 17%]
tests/module1/blackbox/test_decision_table.py::TestDecisionTable::test_combination_preload_false_split_test PASSED [ 18%]
tests/module1/blackbox/test_decision_table.py::TestDecisionTable::test_combination_complex_1 PASSED [ 18%]
tests/module1/blackbox/test_decision_table.py::TestDecisionTable::test_combination_complex_2 PASSED [ 19%]
tests/module1/blackbox/test_decision_table.py::TestDecisionTable::test_combination_complex_3 PASSED [ 19%]
tests/module1/blackbox/test_decision_table.py::TestDecisionTable::test_combination_sample_ratio_with_num PASSED [ 20%]
tests/module1/blackbox/test_decision_table.py::TestDecisionTable::test_combination_sample_ratio_only PASSED [ 20%]
tests/module1/blackbox/test_decision_table.py::TestDecisionTable::test_combination_patch_size_stride_conflict PASSED [ 21%]
tests/module1/blackbox/test_decision_table.py::TestDecisionTable::test_combination_test_with_train_params PASSED [ 21%]
tests/module1/blackbox/test_equivalence_partitioning.py::TestEquivalencePartitioning::test_view_id_valid_range PASSED [ 22%]
tests/module1/blackbox/test_equivalence_partitioning.py::TestEquivalencePartitioning::test_view_id_boundary_lower PASSED [ 22%]
tests/module1/blackbox/test_equivalence_partitioning.py::TestEquivalencePartitioning::test_view_id_boundary_upper PASSED [ 23%]
tests/module1/blackbox/test_equivalence_partitioning.py::TestEquivalencePartitioning::test_view_id_invalid_zero PASSED [ 23%]
tests/module1/blackbox/test_equivalence_partitioning.py::TestEquivalencePartitioning::test_view_id_invalid_negative PASSED [ 24%]
tests/module1/blackbox/test_equivalence_partitioning.py::TestEquivalencePartitioning::test_view_id_invalid_out_of_range PASSED [ 24%]
tests/module1/blackbox/test_equivalence_partitioning.py::TestEquivalencePartitioning::test_split_valid_train PASSED [ 25%]
tests/module1/blackbox/test_equivalence_partitioning.py::TestEquivalencePartitioning::test_split_valid_val PASSED [ 25%]
tests/module1/blackbox/test_equivalence_partitioning.py::TestEquivalencePartitioning::test_split_valid_test PASSED [ 26%]
tests/module1/blackbox/test_equivalence_partitioning.py::TestEquivalencePartitioning::test_split_invalid_empty PASSED [ 26%]
tests/module1/blackbox/test_equivalence_partitioning.py::TestEquivalencePartitioning::test_split_invalid_unknown PASSED [ 27%]
tests/module1/blackbox/test_equivalence_partitioning.py::TestEquivalencePartitioning::test_img_size_valid_default PASSED [ 27%]
tests/module1/blackbox/test_equivalence_partitioning.py::TestEquivalencePartitioning::test_img_size_valid_custom PASSED [ 28%]
tests/module1/blackbox/test_equivalence_partitioning.py::TestEquivalencePartitioning::test_img_size_invalid_zero PASSED [ 28%]
tests/module1/blackbox/test_equivalence_partitioning.py::TestEquivalencePartitioning::test_img_size_invalid_negative PASSED [ 29%]
tests/module1/blackbox/test_equivalence_partitioning.py::TestEquivalencePartitioning::test_depth_norm_valid_zscore PASSED [ 29%]
tests/module1/blackbox/test_equivalence_partitioning.py::TestEquivalencePartitioning::test_depth_norm_valid_minmax PASSED [ 30%]
tests/module1/blackbox/test_equivalence_partitioning.py::TestEquivalencePartitioning::test_depth_norm_valid_log PASSED [ 30%]
tests/module1/blackbox/test_equivalence_partitioning.py::TestEquivalencePartitioning::test_depth_norm_invalid PASSED [ 31%]
tests/module1/blackbox/test_equivalence_partitioning.py::TestEquivalencePartitioning::test_train_sample_ratio_valid_full PASSED [ 31%]
tests/module1/blackbox/test_equivalence_partitioning.py::TestEquivalencePartitioning::test_train_sample_ratio_valid_half PASSED [ 32%]
tests/module1/blackbox/test_equivalence_partitioning.py::TestEquivalencePartitioning::test_train_sample_ratio_boundary_zero PASSED [ 32%]
tests/module1/blackbox/test_equivalence_partitioning.py::TestEquivalencePartitioning::test_train_sample_ratio_invalid_negative PASSED [ 33%]
tests/module1/blackbox/test_equivalence_partitioning.py::TestEquivalencePartitioning::test_train_sample_ratio_invalid_greater_than_one PASSED [ 33%]
tests/module1/blackbox/test_equivalence_partitioning.py::TestEquivalencePartitioning::test_patch_stride_valid PASSED [ 34%]
tests/module1/blackbox/test_equivalence_partitioning.py::TestEquivalencePartitioning::test_patch_stride_invalid_zero PASSED [ 34%]
tests/module1/blackbox/test_equivalence_partitioning.py::TestEquivalencePartitioning::test_patch_stride_invalid_negative PASSED [ 35%]
tests/module1/blackbox/test_regression_depth.py::test_depth_read_failure[missing] PASSED [ 35%]
tests/module1/blackbox/test_regression_depth.py::test_depth_read_failure[corrupt] PASSED [ 36%]
tests/module1/blackbox/test_sampling_behavior.py::test_count_overrides_ratio PASSED [ 36%]
tests/module1/blackbox/test_sampling_behavior.py::test_requested_count_capped_by_available PASSED [ 37%]
tests/module1/blackbox/test_sampling_behavior.py::test_ratio_selects_actual_frames PASSED [ 37%]
tests/module1/blackbox/test_sampling_behavior.py::test_random_sampling_reproducible_unique PASSED [ 38%]
tests/module1/blackbox/test_sampling_behavior.py::test_sampled_train_val_partition_is_complete[random] PASSED [ 38%]
tests/module1/blackbox/test_sampling_behavior.py::test_sampled_train_val_partition_is_complete[uniform_time] PASSED [ 39%]
tests/module1/blackbox/test_sampling_behavior.py::test_missing_pair_is_excluded PASSED [ 39%]
tests/module1/blackbox/test_sampling_behavior.py::test_reflectance_and_tif_matching PASSED [ 40%]
tests/module1/blackbox/test_spatial_alignment.py::test_rgb_depth_gt_alignment[4] PASSED [ 40%]
tests/module1/blackbox/test_spatial_alignment.py::test_rgb_depth_gt_alignment[8] PASSED [ 41%]
tests/module1/blackbox/test_spatial_alignment.py::test_rgb_depth_gt_alignment[16] PASSED [ 41%]
tests/module1/blackbox/test_state_transition.py::test_state_uninitialized_to_initialized PASSED [ 42%]
tests/module1/blackbox/test_state_transition.py::test_configuration_independence PASSED [ 42%]
tests/module1/blackbox/test_state_transition.py::test_scan_then_read PASSED [ 43%]
tests/module1/blackbox/test_state_transition.py::test_state_loading_to_ready PASSED [ 43%]
tests/module1/blackbox/test_state_transition.py::test_state_loading_to_error PASSED [ 44%]
tests/module1/blackbox/test_state_transition.py::test_train_val_split_reproducible PASSED [ 44%]
tests/module1/blackbox/test_state_transition.py::test_test_mode_reads_good_and_broken PASSED [ 45%]
tests/module1/blackbox/test_state_transition.py::test_lazy_preload_equivalence PASSED [ 45%]
tests/module1/blackbox/test_state_transition.py::test_patch_configuration_changes_actual_items PASSED [ 46%]
tests/module1/blackbox/test_state_transition.py::test_state_transition_sequence PASSED [ 46%]
tests/module1/blackbox/test_state_transition.py::test_state_transition_repeated_access PASSED [ 47%]
tests/module1/blackbox/test_state_transition.py::test_state_transition_error_recovery PASSED [ 47%]
tests/module1/test_pipeline.py::test_dataset_batch_loss_backward PASSED  [ 48%]
tests/module1/whitebox/test_branch_coverage.py::TestBranchCoverage::test_count_trainable_params_total_greater_than_zero_true PASSED [ 48%]
tests/module1/whitebox/test_branch_coverage.py::TestBranchCoverage::test_count_trainable_params_total_greater_than_zero_false PASSED [ 49%]
tests/module1/whitebox/test_branch_coverage.py::TestBranchCoverage::test_measure_inference_latency_cuda_false PASSED [ 49%]
tests/module1/whitebox/test_branch_coverage.py::TestBranchCoverage::test_measure_inference_latency_cuda_true SKIPPED [ 50%]
tests/module1/whitebox/test_branch_coverage.py::TestBranchCoverage::test_measure_peak_gpu_memory_not_cuda_true PASSED [ 50%]
tests/module1/whitebox/test_branch_coverage.py::TestBranchCoverage::test_measure_peak_gpu_memory_not_cuda_false SKIPPED [ 51%]
tests/module1/whitebox/test_branch_coverage.py::TestBranchCoverage::test_compute_fp_per_image_n_normal_zero_true PASSED [ 51%]
tests/module1/whitebox/test_branch_coverage.py::TestBranchCoverage::test_compute_fp_per_image_n_normal_zero_false PASSED [ 52%]
tests/module1/whitebox/test_branch_coverage.py::TestBranchCoverage::test_loss_distil_pixel_pool_branch_i_equals_0 PASSED [ 52%]
tests/module1/whitebox/test_branch_coverage.py::TestBranchCoverage::test_loss_distil_pixel_pool_branch_i_equals_1 PASSED [ 53%]
tests/module1/whitebox/test_branch_coverage.py::TestBranchCoverage::test_loss_distil_pixel_pool_branch_i_not_0_or_1 PASSED [ 53%]
tests/module1/whitebox/test_branch_coverage.py::TestBranchCoverage::test_loss_distil_pixel_all_branches PASSED [ 54%]
tests/module1/whitebox/test_branch_coverage.py::TestBranchCoverage::test_loop_branch_zero_iterations PASSED [ 54%]
tests/module1/whitebox/test_branch_coverage.py::TestBranchCoverage::test_loop_branch_one_iteration PASSED [ 55%]
tests/module1/whitebox/test_branch_coverage.py::TestBranchCoverage::test_loop_branch_multiple_iterations PASSED [ 55%]
tests/module1/whitebox/test_branch_coverage.py::TestBranchCoverage::test_calculate_pixel_similarity_batch_loop_single PASSED [ 56%]
tests/module1/whitebox/test_branch_coverage.py::TestBranchCoverage::test_calculate_pixel_similarity_batch_loop_multiple PASSED [ 56%]
tests/module1/whitebox/test_branch_coverage.py::TestBranchCoverage::test_combined_branches_all_true SKIPPED [ 57%]
tests/module1/whitebox/test_branch_coverage.py::TestBranchCoverage::test_combined_branches_mixed PASSED [ 57%]
tests/module1/whitebox/test_branch_coverage.py::TestBranchCoverage::test_combined_branches_all_false PASSED [ 58%]
tests/module1/whitebox/test_branch_coverage.py::TestBranchCoverage::test_nested_branch_outer_true_inner_true PASSED [ 58%]
tests/module1/whitebox/test_branch_coverage.py::TestBranchCoverage::test_nested_branch_outer_true_inner_false PASSED [ 59%]
tests/module1/whitebox/test_branch_coverage.py::TestBranchCoverage::test_assertion_branch_true PASSED [ 59%]
tests/module1/whitebox/test_branch_coverage.py::TestBranchCoverage::test_assertion_branch_false PASSED [ 60%]
tests/module1/whitebox/test_condition_coverage.py::TestConditionCoverage::test_condition_i_equals_0_true_i_equals_1_false PASSED [ 60%]
tests/module1/whitebox/test_condition_coverage.py::TestConditionCoverage::test_condition_i_equals_0_false_i_equals_1_true PASSED [ 61%]
tests/module1/whitebox/test_condition_coverage.py::TestConditionCoverage::test_condition_i_equals_0_false_i_equals_1_false PASSED [ 61%]
tests/module1/whitebox/test_condition_coverage.py::TestConditionCoverage::test_condition_i_equals_0_true_i_equals_1_true PASSED [ 62%]
tests/module1/whitebox/test_condition_coverage.py::TestConditionCoverage::test_condition_total_greater_than_zero_true PASSED [ 62%]
tests/module1/whitebox/test_condition_coverage.py::TestConditionCoverage::test_condition_total_greater_than_zero_false PASSED [ 63%]
tests/module1/whitebox/test_condition_coverage.py::TestConditionCoverage::test_condition_isinstance_tuple_true PASSED [ 63%]
tests/module1/whitebox/test_condition_coverage.py::TestConditionCoverage::test_condition_isinstance_list_true PASSED [ 64%]
tests/module1/whitebox/test_condition_coverage.py::TestConditionCoverage::test_condition_isinstance_both_false PASSED [ 64%]
tests/module1/whitebox/test_condition_coverage.py::TestConditionCoverage::test_condition_device_type_equals_cuda_true SKIPPED [ 65%]
tests/module1/whitebox/test_condition_coverage.py::TestConditionCoverage::test_condition_device_type_equals_cuda_false PASSED [ 65%]
tests/module1/whitebox/test_condition_coverage.py::TestConditionCoverage::test_condition_device_type_not_cuda_true PASSED [ 66%]
tests/module1/whitebox/test_condition_coverage.py::TestConditionCoverage::test_condition_device_type_not_cuda_false SKIPPED [ 66%]
tests/module1/whitebox/test_condition_coverage.py::TestConditionCoverage::test_condition_n_normal_equals_zero_true PASSED [ 67%]
tests/module1/whitebox/test_condition_coverage.py::TestConditionCoverage::test_condition_n_normal_equals_zero_false PASSED [ 67%]
tests/module1/whitebox/test_condition_coverage.py::TestConditionCoverage::test_condition_labels_equals_zero_true_and_false PASSED [ 68%]
tests/module1/whitebox/test_condition_coverage.py::TestConditionCoverage::test_condition_scores_greater_than_threshold_true_and_false PASSED [ 68%]
tests/module1/whitebox/test_condition_coverage.py::TestConditionCoverage::test_condition_truth_table_complete PASSED [ 69%]
tests/module1/whitebox/test_condition_coverage.py::TestConditionCoverage::test_condition_truth_table_true_false SKIPPED [ 69%]
tests/module1/whitebox/test_condition_coverage.py::TestConditionCoverage::test_condition_truth_table_false_true PASSED [ 70%]
tests/module1/whitebox/test_loss_values.py::test_l2_multiscale_value_and_gradient PASSED [ 70%]
tests/module1/whitebox/test_loss_values.py::test_cosine_same_and_opposite[1-0.0-loss_distil] PASSED [ 71%]
tests/module1/whitebox/test_loss_values.py::test_cosine_same_and_opposite[1-0.0-loss_distil_p] PASSED [ 71%]
tests/module1/whitebox/test_loss_values.py::test_cosine_same_and_opposite[-1-2.0-loss_distil] PASSED [ 72%]
tests/module1/whitebox/test_loss_values.py::test_cosine_same_and_opposite[-1-2.0-loss_distil_p] PASSED [ 72%]
tests/module1/whitebox/test_path_coverage.py::TestPathCoverage::test_count_trainable_params_path_1 PASSED [ 73%]
tests/module1/whitebox/test_path_coverage.py::TestPathCoverage::test_count_trainable_params_path_2 PASSED [ 73%]
tests/module1/whitebox/test_path_coverage.py::TestPathCoverage::test_measure_peak_gpu_memory_path_1 PASSED [ 74%]
tests/module1/whitebox/test_path_coverage.py::TestPathCoverage::test_measure_peak_gpu_memory_path_2 SKIPPED [ 74%]
tests/module1/whitebox/test_path_coverage.py::TestPathCoverage::test_compute_fp_per_image_path_1 PASSED [ 75%]
tests/module1/whitebox/test_path_coverage.py::TestPathCoverage::test_compute_fp_per_image_path_2 PASSED [ 75%]
tests/module1/whitebox/test_path_coverage.py::TestPathCoverage::test_measure_inference_latency_path_1 PASSED [ 76%]
tests/module1/whitebox/test_path_coverage.py::TestPathCoverage::test_measure_inference_latency_path_2 PASSED [ 76%]
tests/module1/whitebox/test_path_coverage.py::TestPathCoverage::test_measure_inference_latency_path_3 SKIPPED [ 77%]
tests/module1/whitebox/test_path_coverage.py::TestPathCoverage::test_loss_distil_pixel_path_1 PASSED [ 77%]
tests/module1/whitebox/test_path_coverage.py::TestPathCoverage::test_loss_distil_pixel_path_2 PASSED [ 78%]
tests/module1/whitebox/test_path_coverage.py::TestPathCoverage::test_loss_distil_pixel_path_3 PASSED [ 78%]
tests/module1/whitebox/test_path_coverage.py::TestPathCoverage::test_loss_distil_pixel_path_4 PASSED [ 79%]
tests/module1/whitebox/test_path_coverage.py::TestPathCoverage::test_loss_distil_pixel_path_5 PASSED [ 79%]
tests/module1/whitebox/test_path_coverage.py::TestPathCoverage::test_loss_l2_path_zero_iterations PASSED [ 80%]
tests/module1/whitebox/test_path_coverage.py::TestPathCoverage::test_loss_l2_path_one_iteration PASSED [ 80%]
tests/module1/whitebox/test_path_coverage.py::TestPathCoverage::test_loss_l2_path_multiple_iterations PASSED [ 81%]
tests/module1/whitebox/test_path_coverage.py::TestPathCoverage::test_combined_path_all_cpu PASSED [ 81%]
tests/module1/whitebox/test_path_coverage.py::TestPathCoverage::test_combined_path_all_cuda SKIPPED [ 82%]
tests/module1/whitebox/test_path_coverage.py::TestPathCoverage::test_combined_path_mixed PASSED [ 82%]
tests/module1/whitebox/test_path_coverage.py::TestPathCoverage::test_exception_path_assertion_error PASSED [ 83%]
tests/module1/whitebox/test_path_coverage.py::TestPathCoverage::test_normal_path_vs_exception_path PASSED [ 83%]
tests/module1/whitebox/test_regression_metrics.py::test_latency_uses_monotonic_high_resolution_clock PASSED [ 84%]
tests/module1/whitebox/test_regression_metrics.py::test_latency_invalid_runs[0] PASSED [ 84%]
tests/module1/whitebox/test_regression_metrics.py::test_latency_invalid_runs[-1] PASSED [ 85%]
tests/module1/whitebox/test_regression_metrics.py::test_latency_invalid_runs[1.5] PASSED [ 85%]
tests/module1/whitebox/test_regression_metrics.py::test_latency_invalid_runs[True] PASSED [ 86%]
tests/module1/whitebox/test_regression_metrics.py::test_latency_invalid_warmup[-1] PASSED [ 86%]
tests/module1/whitebox/test_regression_metrics.py::test_latency_invalid_warmup[0.5] PASSED [ 87%]
tests/module1/whitebox/test_regression_metrics.py::test_latency_invalid_warmup[True] PASSED [ 87%]
tests/module1/whitebox/test_statement_coverage.py::TestStatementCoverage::test_loss_l2_basic PASSED [ 88%]
tests/module1/whitebox/test_statement_coverage.py::TestStatementCoverage::test_loss_l2_empty_features PASSED [ 88%]
tests/module1/whitebox/test_statement_coverage.py::TestStatementCoverage::test_loss_l2_single_scale PASSED [ 89%]
tests/module1/whitebox/test_statement_coverage.py::TestStatementCoverage::test_loss_distil_basic PASSED [ 89%]
tests/module1/whitebox/test_statement_coverage.py::TestStatementCoverage::test_loss_distil_identical_features PASSED [ 90%]
tests/module1/whitebox/test_statement_coverage.py::TestStatementCoverage::test_loss_distil_p_basic PASSED [ 90%]
tests/module1/whitebox/test_statement_coverage.py::TestStatementCoverage::test_loss_distil_pixel_basic PASSED [ 91%]
tests/module1/whitebox/test_statement_coverage.py::TestStatementCoverage::test_loss_distil_pixel_branch_coverage PASSED [ 91%]
tests/module1/whitebox/test_statement_coverage.py::TestStatementCoverage::test_calculate_pixel_similarity_basic PASSED [ 92%]
tests/module1/whitebox/test_statement_coverage.py::TestStatementCoverage::test_calculate_pixel_similarity_batch_loop PASSED [ 92%]
tests/module1/whitebox/test_statement_coverage.py::TestStatementCoverage::test_calculate_pixel_similarity_f_basic PASSED [ 93%]
tests/module1/whitebox/test_statement_coverage.py::TestStatementCoverage::test_calculate_pixel_similarity_f_2_basic PASSED [ 93%]
tests/module1/whitebox/test_statement_coverage.py::TestStatementCoverage::test_count_trainable_params_basic PASSED [ 94%]
tests/module1/whitebox/test_statement_coverage.py::TestStatementCoverage::test_count_trainable_params_frozen_layers PASSED [ 94%]
tests/module1/whitebox/test_statement_coverage.py::TestStatementCoverage::test_count_trainable_params_empty_model PASSED [ 95%]
tests/module1/whitebox/test_statement_coverage.py::TestStatementCoverage::test_measure_inference_latency_basic PASSED [ 95%]
tests/module1/whitebox/test_statement_coverage.py::TestStatementCoverage::test_measure_inference_latency_cuda_branch SKIPPED [ 96%]
tests/module1/whitebox/test_statement_coverage.py::TestStatementCoverage::test_measure_inference_latency_assertion PASSED [ 96%]
tests/module1/whitebox/test_statement_coverage.py::TestStatementCoverage::test_measure_peak_gpu_memory_cpu PASSED [ 97%]
tests/module1/whitebox/test_statement_coverage.py::TestStatementCoverage::test_measure_peak_gpu_memory_cuda SKIPPED [ 97%]
tests/module1/whitebox/test_statement_coverage.py::TestStatementCoverage::test_compute_fp_per_image_basic PASSED [ 98%]
tests/module1/whitebox/test_statement_coverage.py::TestStatementCoverage::test_compute_fp_per_image_with_false_positives PASSED [ 98%]
tests/module1/whitebox/test_statement_coverage.py::TestStatementCoverage::test_compute_fp_per_image_no_normal_samples PASSED [ 99%]
tests/module1/whitebox/test_statement_coverage.py::TestStatementCoverage::test_compute_fp_per_image_list_input PASSED [100%]

- generated xml file: D:\projects\Repo-for-STQA-Practices\deliverables\module1\evidence\module1.xml -
=============================== tests coverage ================================
______________ coverage: platform win32, python 3.10.20-final-0 _______________

Name                                       Stmts   Miss Branch BrPart   Cover   Missing
---------------------------------------------------------------------------------------
SteelRailWay\datasets\rail_dataset.py        366     83    172     37  75.09%   120, 124, 129, 131, 136, 143->149, 146, 198, 201, 244-267, 280, 282, 327-328, 340, 348, 367, 377, 404, 420-423, 442, 450, 467-470, 477->exit, 518->517, 523, 525->517, 530, 543-567, 577, 583, 596-597, 605-606, 625, 637-645, 680-681, 685, 688->692, 720
SteelRailWay\eval\metrics_engineering.py      42      3     16      3  89.66%   42, 47, 56
SteelRailWay\utils\losses.py                  78      2     26      2  96.15%   52, 74
---------------------------------------------------------------------------------------
TOTAL                                        486     88    214     42  79.43%
Coverage JSON written to file deliverables/module1/evidence/coverage.json
- Generated html report: file:///D:/projects/Repo-for-STQA-Practices/deliverables/module1/evidence/module1.html -
====================== 188 passed, 11 skipped in 15.55s =======================
